// Jest Snapshot v1, https://goo.gl/fbAQLP

exports[`test detaljside should render correctly 1`] = `
{
  "view": {
    "asFragment": [Function],
    "baseElement": <body>
      <div>
        <header
          class="innlogging"
        >
          <button
            class="ds-button"
            data-variant="primary"
            type="button"
          >
            Log In
          </button>
        </header>
        <h1
          class="ds-heading"
          data-size="xl"
        />
        <h3
          class="ds-heading"
        />
        <div
          class="ds-card detalj-wrapper"
          data-variant="default"
        >
          <div
            class="ds-card__block"
          >
            <h2
              class="ds-heading"
              data-size="md"
            >
              Opplysninger om virksomheten
            </h2>
          </div>
          <div
            class="ds-card__block"
          >
            <dl>
              <dt>
                Postadresse
              </dt>
              <dd>
                <br />
                 
                 
              </dd>
              <dt>
                Organisasjonsform:
              </dt>
              <dd />
              <dt>
                Antall ansatte:
              </dt>
              <dd>
                Ingen registrerte ansatte
              </dd>
              <dt>
                Aktivitet:
              </dt>
              <dd />
              <dt>
                Registreringsdato i Enhetsregisteret:
              </dt>
              <dd />
              <dt>
                Roller:
              </dt>
              <dd />
            </dl>
          </div>
        </div>
        <a
          class="ds-link ds-button buttonWrapper"
          data-variant="primary"
          href="/"
        >
          Tilbake til søkeside
        </a>
      </div>
    </body>,
    "container": <div>
      <header
        class="innlogging"
      >
        <button
          class="ds-button"
          data-variant="primary"
          type="button"
        >
          Log In
        </button>
      </header>
      <h1
        class="ds-heading"
        data-size="xl"
      />
      <h3
        class="ds-heading"
      />
      <div
        class="ds-card detalj-wrapper"
        data-variant="default"
      >
        <div
          class="ds-card__block"
        >
          <h2
            class="ds-heading"
            data-size="md"
          >
            Opplysninger om virksomheten
          </h2>
        </div>
        <div
          class="ds-card__block"
        >
          <dl>
            <dt>
              Postadresse
            </dt>
            <dd>
              <br />
               
               
            </dd>
            <dt>
              Organisasjonsform:
            </dt>
            <dd />
            <dt>
              Antall ansatte:
            </dt>
            <dd>
              Ingen registrerte ansatte
            </dd>
            <dt>
              Aktivitet:
            </dt>
            <dd />
            <dt>
              Registreringsdato i Enhetsregisteret:
            </dt>
            <dd />
            <dt>
              Roller:
            </dt>
            <dd />
          </dl>
        </div>
      </div>
      <a
        class="ds-link ds-button buttonWrapper"
        data-variant="primary"
        href="/"
      >
        Tilbake til søkeside
      </a>
    </div>,
    "debug": [Function],
    "findAllByAltText": [Function],
    "findAllByDisplayValue": [Function],
    "findAllByLabelText": [Function],
    "findAllByPlaceholderText": [Function],
    "findAllByRole": [Function],
    "findAllByTestId": [Function],
    "findAllByText": [Function],
    "findAllByTitle": [Function],
    "findByAltText": [Function],
    "findByDisplayValue": [Function],
    "findByLabelText": [Function],
    "findByPlaceholderText": [Function],
    "findByRole": [Function],
    "findByTestId": [Function],
    "findByText": [Function],
    "findByTitle": [Function],
    "getAllByAltText": [Function],
    "getAllByDisplayValue": [Function],
    "getAllByLabelText": [Function],
    "getAllByPlaceholderText": [Function],
    "getAllByRole": [Function],
    "getAllByTestId": [Function],
    "getAllByText": [Function],
    "getAllByTitle": [Function],
    "getByAltText": [Function],
    "getByDisplayValue": [Function],
    "getByLabelText": [Function],
    "getByPlaceholderText": [Function],
    "getByRole": [Function],
    "getByTestId": [Function],
    "getByText": [Function],
    "getByTitle": [Function],
    "queryAllByAltText": [Function],
    "queryAllByDisplayValue": [Function],
    "queryAllByLabelText": [Function],
    "queryAllByPlaceholderText": [Function],
    "queryAllByRole": [Function],
    "queryAllByTestId": [Function],
    "queryAllByText": [Function],
    "queryAllByTitle": [Function],
    "queryByAltText": [Function],
    "queryByDisplayValue": [Function],
    "queryByLabelText": [Function],
    "queryByPlaceholderText": [Function],
    "queryByRole": [Function],
    "queryByTestId": [Function],
    "queryByText": [Function],
    "queryByTitle": [Function],
    "rerender": [Function],
    "unmount": [Function],
  },
}
`;
